2026-07-15T14:35:01 ffmpeg/mov,mp4,m4a,3gp,3g2,mj2: stream 0, timescale not set
2026-07-15T14:35:01 update: added Jujutsu Kaisen/SPECIALZ - King Gnu [b1fd5a9e].m4a
2026-07-15T14:35:01 ffmpeg/mov,mp4,m4a,3gp,3g2,mj2: stream 0, timescale not set
2026-07-15T14:35:01 update: added Jujutsu Kaisen/Kaikai Kitan - Eve [0a90cb5e].m4a
2026-07-15T14:35:01 ffmpeg/mov,mp4,m4a,3gp,3g2,mj2: stream 0, timescale not set
2026-07-15T14:35:01 update: added Jujutsu Kaisen/逆夢 - Sakayume - King Gnu [30bc5b10].m4a
2026-07-15T14:35:01 ffmpeg/mov,mp4,m4a,3gp,3g2,mj2: stream 0, timescale not set
2026-07-15T14:35:01 update: added Jujutsu Kaisen/AIZO - King Gnu [9fb8a358].m4a
2026-07-15T14:35:01 ffmpeg/mov,mp4,m4a,3gp,3g2,mj2: stream 0, timescale not set
2026-07-15T14:35:01 update: added Michael Jackson/Never Can Say Goodbye (Single Version) - The Jackson 5 [dbf639db].m4a
2026-07-15T14:35:01 ffmpeg/mov,mp4,m4a,3gp,3g2,mj2: stream 0, timescale not set
2026-07-15T14:35:02 update: added Michael Jackson/Medley_ I Want You Back _ ABC _ The Love You Save (Live from the 1981  - The Jacksons [8c89ed86].m4a
2026-07-15T14:35:02 ffmpeg/mov,mp4,m4a,3gp,3g2,mj2: stream 0, timescale not set
2026-07-15T14:35:02 update: added Michael Jackson/Beat It - Michael Jackson [2559bdcb].m4a
2026-07-15T14:35:02 ffmpeg/mov,mp4,m4a,3gp,3g2,mj2: stream 0, timescale not set
2026-07-15T14:35:02 update: added Michael Jackson/Workin' Day and Night - Michael Jackson [bc37dfda].m4a
2026-07-15T14:35:02 ffmpeg/mov,mp4,m4a,3gp,3g2,mj2: stream 0, timescale not set
2026-07-15T14:35:02 update: added Michael Jackson/Don't Stop 'Til You Get Enough - Michael Jackson [8a1abcd4].m4a
2026-07-15T14:35:02 ffmpeg/mov,mp4,m4a,3gp,3g2,mj2: stream 0, timescale not set
2026-07-15T14:35:02 update: added Michael Jackson/Ben (Live from the 1981 U.S. Tour) - The Jacksons [5f689a6b].m4a
2026-07-15T14:35:02 ffmpeg/mov,mp4,m4a,3gp,3g2,mj2: stream 0, timescale not set
2026-07-15T14:35:02 update: added Michael Jackson/Who's Lovin' You - The Jackson 5 [a7841f7e].m4a
2026-07-15T14:35:02 ffmpeg/mov,mp4,m4a,3gp,3g2,mj2: stream 0, timescale not set
2026-07-15T14:35:02 update: added Michael Jackson/Wanna Be Startin' Somethin' - Michael Jackson [f880ba3c].m4a
2026-07-15T14:35:02 ffmpeg/mov,mp4,m4a,3gp,3g2,mj2: stream 0, timescale not set
2026-07-15T14:35:02 update: added Michael Jackson/Billie Jean - Michael Jackson [0c5c996a].m4a
2026-07-15T14:35:02 ffmpeg/mov,mp4,m4a,3gp,3g2,mj2: stream 0, timescale not set
2026-07-15T14:35:02 update: added Michael Jackson/Human Nature - Michael Jackson [05fd7bba].m4a
2026-07-15T14:35:02 ffmpeg/mov,mp4,m4a,3gp,3g2,mj2: stream 0, timescale not set
2026-07-15T14:35:02 update: added Michael Jackson/Thriller - Michael Jackson [900f0a40].m4a
2026-07-15T14:35:02 ffmpeg/mov,mp4,m4a,3gp,3g2,mj2: stream 0, timescale not set
2026-07-15T14:35:02 update: added Michael Jackson/I'll Be There - The Jackson 5 [18d07c13].m4a
2026-07-15T14:35:02 ffmpeg/mov,mp4,m4a,3gp,3g2,mj2: stream 0, timescale not set
2026-07-15T14:35:02 update: added Michael Jackson/Bad - Michael Jackson [d01c06de].m4a
2026-07-15T14:37:52 ffmpeg/mov,mp4,m4a,3gp,3g2,mj2: stream 0, timescale not set
2026-07-15T14:38:02 ffmpeg/mov,mp4,m4a,3gp,3g2,mj2: stream 0, timescale not set
2026-07-15T14:38:02 ffmpeg/mov,mp4,m4a,3gp,3g2,mj2: stream 0, timescale not set
2026-07-15T14:41:59 ffmpeg/mov,mp4,m4a,3gp,3g2,mj2: stream 0, timescale not set
2026-07-15T14:42:18 player: played "Michael Jackson/Human Nature - Michael Jackson [05fd7bba].m4a"
2026-07-15T14:43:46 ffmpeg/mov,mp4,m4a,3gp,3g2,mj2: stream 0, timescale not set
2026-07-15T14:43:46 ffmpeg/mov,mp4,m4a,3gp,3g2,mj2: stream 0, timescale not set
2026-07-15T14:45:00 ffmpeg/mov,mp4,m4a,3gp,3g2,mj2: stream 0, timescale not set
2026-07-15T14:45:00 ffmpeg/mov,mp4,m4a,3gp,3g2,mj2: stream 0, timescale not set
2026-07-15T14:47:51 player: played "Michael Jackson/Thriller - Michael Jackson [900f0a40].m4a"
2026-07-15T14:56:13 ffmpeg/mov,mp4,m4a,3gp,3g2,mj2: stream 0, timescale not set
2026-07-15T14:56:13 ffmpeg/mov,mp4,m4a,3gp,3g2,mj2: stream 0, timescale not set
2026-07-15T14:56:13 ffmpeg/mov,mp4,m4a,3gp,3g2,mj2: stream 0, timescale not set
2026-07-15T14:57:00 ffmpeg/mov,mp4,m4a,3gp,3g2,mj2: stream 0, timescale not set
2026-07-15T14:57:01 ffmpeg/mov,mp4,m4a,3gp,3g2,mj2: stream 0, timescale not set
2026-07-15T14:57:01 ffmpeg/mov,mp4,m4a,3gp,3g2,mj2: stream 0, timescale not set
2026-07-15T15:00:48 ffmpeg/mov,mp4,m4a,3gp,3g2,mj2: stream 0, timescale not set
2026-07-15T15:01:09 player: played "Michael Jackson/Bad - Michael Jackson [d01c06de].m4a"
2026-07-15T15:01:09 ffmpeg/mov,mp4,m4a,3gp,3g2,mj2: stream 0, timescale not set
2026-07-15T15:01:09 ffmpeg/mov,mp4,m4a,3gp,3g2,mj2: stream 0, timescale not set
2026-07-15T15:05:45 ffmpeg/mov,mp4,m4a,3gp,3g2,mj2: stream 0, timescale not set
2026-07-15T15:06:07 player: played "Michael Jackson/Beat It - Michael Jackson [2559bdcb].m4a"
2026-07-15T15:10:41 ffmpeg/mov,mp4,m4a,3gp,3g2,mj2: stream 0, timescale not set
2026-07-15T15:11:03 player: played "Michael Jackson/Billie Jean - Michael Jackson [0c5c996a].m4a"
2026-07-15T15:14:57 ffmpeg/mov,mp4,m4a,3gp,3g2,mj2: stream 0, timescale not set
2026-07-15T15:15:16 player: played "Michael Jackson/Don't Stop 'Til You Get Enough - Michael Jackson [8a1abcd4].m4a"
2026-07-15T15:19:23 ffmpeg/mov,mp4,m4a,3gp,3g2,mj2: stream 0, timescale not set
2026-07-15T15:19:43 player: played "Michael Jackson/Human Nature - Michael Jackson [05fd7bba].m4a"
2026-07-15T15:23:44 ffmpeg/mov,mp4,m4a,3gp,3g2,mj2: stream 0, timescale not set
2026-07-15T15:23:44 ffmpeg/mov,mp4,m4a,3gp,3g2,mj2: stream 0, timescale not set
2026-07-15T15:24:33 player: played "Michael Jackson/Thriller - Michael Jackson [900f0a40].m4a"
2026-07-15T15:30:22 ffmpeg/mov,mp4,m4a,3gp,3g2,mj2: stream 0, timescale not set
2026-07-15T15:30:23 ffmpeg/mov,mp4,m4a,3gp,3g2,mj2: stream 0, timescale not set
2026-07-15T15:30:23 ffmpeg/mov,mp4,m4a,3gp,3g2,mj2: stream 0, timescale not set
2026-07-15T15:30:59 player: played "Michael Jackson/Thriller - Michael Jackson [900f0a40].m4a"
2026-07-15T15:30:59 ffmpeg/mov,mp4,m4a,3gp,3g2,mj2: stream 0, timescale not set
2026-07-15T15:33:26 ffmpeg/mov,mp4,m4a,3gp,3g2,mj2: stream 0, timescale not set
2026-07-15T15:33:26 ffmpeg/mov,mp4,m4a,3gp,3g2,mj2: stream 0, timescale not set
2026-07-15T15:34:20 ffmpeg/mov,mp4,m4a,3gp,3g2,mj2: stream 0, timescale not set
2026-07-15T15:34:40 player: played "Jujutsu Kaisen/Kaikai Kitan - Eve [0a90cb5e].m4a"
2026-07-15T15:34:41 ffmpeg/mov,mp4,m4a,3gp,3g2,mj2: stream 0, timescale not set
2026-07-15T15:34:41 ffmpeg/mov,mp4,m4a,3gp,3g2,mj2: stream 0, timescale not set
2026-07-15T15:37:54 ffmpeg/mov,mp4,m4a,3gp,3g2,mj2: stream 0, timescale not set
2026-07-15T15:38:16 player: played "Jujutsu Kaisen/AIZO - King Gnu [9fb8a358].m4a"
2026-07-15T15:38:16 ffmpeg/mov,mp4,m4a,3gp,3g2,mj2: stream 0, timescale not set
2026-07-15T15:38:16 ffmpeg/mov,mp4,m4a,3gp,3g2,mj2: stream 0, timescale not set
2026-07-15T15:40:44 player: played "Jujutsu Kaisen/SPECIALZ - King Gnu [b1fd5a9e].m4a"
2026-07-15T15:41:29 ffmpeg/mov,mp4,m4a,3gp,3g2,mj2: stream 0, timescale not set
2026-07-15T15:41:30 ffmpeg/mov,mp4,m4a,3gp,3g2,mj2: stream 0, timescale not set
2026-07-15T15:41:30 ffmpeg/mov,mp4,m4a,3gp,3g2,mj2: stream 0, timescale not set
2026-07-15T15:41:48 ffmpeg/mov,mp4,m4a,3gp,3g2,mj2: stream 0, timescale not set
2026-07-15T15:41:48 ffmpeg/mov,mp4,m4a,3gp,3g2,mj2: stream 0, timescale not set
2026-07-15T15:41:57 ffmpeg/mov,mp4,m4a,3gp,3g2,mj2: stream 0, timescale not set
2026-07-15T15:41:57 ffmpeg/mov,mp4,m4a,3gp,3g2,mj2: stream 0, timescale not set
2026-07-15T15:44:32 player: played "Jujutsu Kaisen/SPECIALZ - King Gnu [b1fd5a9e].m4a"
2026-07-15T15:44:37 ffmpeg/mov,mp4,m4a,3gp,3g2,mj2: stream 0, timescale not set
2026-07-15T15:44:37 ffmpeg/mov,mp4,m4a,3gp,3g2,mj2: stream 0, timescale not set
2026-07-15T15:44:37 ffmpeg/mov,mp4,m4a,3gp,3g2,mj2: stream 0, timescale not set
2026-07-15T15:45:25 ffmpeg/mov,mp4,m4a,3gp,3g2,mj2: stream 0, timescale not set
2026-07-15T15:45:31 ffmpeg/mov,mp4,m4a,3gp,3g2,mj2: stream 0, timescale not set
2026-07-15T15:45:31 ffmpeg/mov,mp4,m4a,3gp,3g2,mj2: stream 0, timescale not set
2026-07-15T15:45:36 ffmpeg/mov,mp4,m4a,3gp,3g2,mj2: stream 0, timescale not set
2026-07-15T15:45:36 ffmpeg/mov,mp4,m4a,3gp,3g2,mj2: stream 0, timescale not set
2026-07-15T15:45:45 player: played "Jujutsu Kaisen/SPECIALZ - King Gnu [b1fd5a9e].m4a"
2026-07-15T15:45:45 ffmpeg/mov,mp4,m4a,3gp,3g2,mj2: stream 0, timescale not set
2026-07-15T15:45:46 ffmpeg/mov,mp4,m4a,3gp,3g2,mj2: stream 0, timescale not set
2026-07-15T15:47:41 ffmpeg/mov,mp4,m4a,3gp,3g2,mj2: stream 0, timescale not set
2026-07-15T15:47:41 ffmpeg/mov,mp4,m4a,3gp,3g2,mj2: stream 0, timescale not set
2026-07-15T15:48:07 exception: Bad playlist name
2026-07-15T15:48:50 ffmpeg/mov,mp4,m4a,3gp,3g2,mj2: stream 0, timescale not set
2026-07-15T15:48:50 ffmpeg/mov,mp4,m4a,3gp,3g2,mj2: stream 0, timescale not set
2026-07-15T15:49:11 ffmpeg/mov,mp4,m4a,3gp,3g2,mj2: stream 0, timescale not set
2026-07-15T15:49:11 ffmpeg/mov,mp4,m4a,3gp,3g2,mj2: stream 0, timescale not set
2026-07-15T15:49:14 ffmpeg/mov,mp4,m4a,3gp,3g2,mj2: stream 0, timescale not set
2026-07-15T15:49:14 ffmpeg/mov,mp4,m4a,3gp,3g2,mj2: stream 0, timescale not set
2026-07-15T15:49:17 ffmpeg/mov,mp4,m4a,3gp,3g2,mj2: stream 0, timescale not set
2026-07-15T15:49:17 ffmpeg/mov,mp4,m4a,3gp,3g2,mj2: stream 0, timescale not set
2026-07-15T15:50:48 player: played "Jujutsu Kaisen/逆夢 - Sakayume - King Gnu [30bc5b10].m4a"
2026-07-15T15:50:50 ffmpeg/mov,mp4,m4a,3gp,3g2,mj2: stream 0, timescale not set
2026-07-15T15:50:50 ffmpeg/mov,mp4,m4a,3gp,3g2,mj2: stream 0, timescale not set
2026-07-15T15:50:50 ffmpeg/mov,mp4,m4a,3gp,3g2,mj2: stream 0, timescale not set
2026-07-15T15:50:52 ffmpeg/mov,mp4,m4a,3gp,3g2,mj2: stream 0, timescale not set
2026-07-15T15:50:52 ffmpeg/mov,mp4,m4a,3gp,3g2,mj2: stream 0, timescale not set
2026-07-15T15:50:52 ffmpeg/mov,mp4,m4a,3gp,3g2,mj2: stream 0, timescale not set
2026-07-15T15:54:06 ffmpeg/mov,mp4,m4a,3gp,3g2,mj2: stream 0, timescale not set
2026-07-15T15:54:28 player: played "Jujutsu Kaisen/AIZO - King Gnu [9fb8a358].m4a"
2026-07-15T15:55:02 ffmpeg/mov,mp4,m4a,3gp,3g2,mj2: stream 0, timescale not set
2026-07-15T15:55:02 ffmpeg/mov,mp4,m4a,3gp,3g2,mj2: stream 0, timescale not set
2026-07-15T15:55:30 ffmpeg/mov,mp4,m4a,3gp,3g2,mj2: stream 0, timescale not set
2026-07-15T15:55:30 ffmpeg/mov,mp4,m4a,3gp,3g2,mj2: stream 0, timescale not set
2026-07-15T15:55:35 ffmpeg/mov,mp4,m4a,3gp,3g2,mj2: stream 0, timescale not set
2026-07-15T15:55:35 ffmpeg/mov,mp4,m4a,3gp,3g2,mj2: stream 0, timescale not set
2026-07-15T15:58:08 ffmpeg/mov,mp4,m4a,3gp,3g2,mj2: stream 0, timescale not set
2026-07-15T15:58:27 player: played "Jujutsu Kaisen/SPECIALZ - King Gnu [b1fd5a9e].m4a"
2026-07-15T15:58:27 ffmpeg/mov,mp4,m4a,3gp,3g2,mj2: stream 0, timescale not set
2026-07-15T15:58:27 ffmpeg/mov,mp4,m4a,3gp,3g2,mj2: stream 0, timescale not set
2026-07-15T16:15:15 player: played "Jujutsu Kaisen/逆夢 - Sakayume - King Gnu [30bc5b10].m4a"
2026-07-16T10:30:04 ffmpeg/mov,mp4,m4a,3gp,3g2,mj2: stream 0, timescale not set
2026-07-16T11:30:20 ffmpeg/mov,mp4,m4a,3gp,3g2,mj2: stream 0, timescale not set
2026-07-16T11:30:20 ffmpeg/mov,mp4,m4a,3gp,3g2,mj2: stream 0, timescale not set
2026-07-16T11:30:27 ffmpeg/mov,mp4,m4a,3gp,3g2,mj2: stream 0, timescale not set
2026-07-16T11:30:27 ffmpeg/mov,mp4,m4a,3gp,3g2,mj2: stream 0, timescale not set
2026-07-16T11:30:27 ffmpeg/mov,mp4,m4a,3gp,3g2,mj2: stream 0, timescale not set
2026-07-16T11:33:49 ffmpeg/mov,mp4,m4a,3gp,3g2,mj2: stream 0, timescale not set
2026-07-16T11:34:08 player: played "Jujutsu Kaisen/Kaikai Kitan - Eve [0a90cb5e].m4a"
2026-07-16T11:34:08 ffmpeg/mov,mp4,m4a,3gp,3g2,mj2: stream 0, timescale not set
2026-07-16T11:34:08 ffmpeg/mov,mp4,m4a,3gp,3g2,mj2: stream 0, timescale not set
2026-07-16T11:35:25 ffmpeg/mov,mp4,m4a,3gp,3g2,mj2: stream 0, timescale not set
2026-07-16T11:35:25 ffmpeg/mov,mp4,m4a,3gp,3g2,mj2: stream 0, timescale not set
2026-07-16T11:37:23 ffmpeg/mov,mp4,m4a,3gp,3g2,mj2: stream 0, timescale not set
2026-07-16T11:37:44 player: played "Jujutsu Kaisen/AIZO - King Gnu [9fb8a358].m4a"
2026-07-16T11:37:44 ffmpeg/mov,mp4,m4a,3gp,3g2,mj2: stream 0, timescale not set
2026-07-16T11:37:44 ffmpeg/mov,mp4,m4a,3gp,3g2,mj2: stream 0, timescale not set
2026-07-16T11:41:22 ffmpeg/mov,mp4,m4a,3gp,3g2,mj2: stream 0, timescale not set
2026-07-16T11:41:43 player: played "Jujutsu Kaisen/SPECIALZ - King Gnu [b1fd5a9e].m4a"
2026-07-16T11:41:43 ffmpeg/mov,mp4,m4a,3gp,3g2,mj2: stream 0, timescale not set
2026-07-16T11:41:43 ffmpeg/mov,mp4,m4a,3gp,3g2,mj2: stream 0, timescale not set
2026-07-16T11:46:30 ffmpeg/mov,mp4,m4a,3gp,3g2,mj2: stream 0, timescale not set
2026-07-16T11:46:51 player: played "Jujutsu Kaisen/逆夢 - Sakayume - King Gnu [30bc5b10].m4a"
2026-07-16T11:46:51 ffmpeg/mov,mp4,m4a,3gp,3g2,mj2: stream 0, timescale not set
2026-07-16T11:46:51 ffmpeg/mov,mp4,m4a,3gp,3g2,mj2: stream 0, timescale not set
2026-07-16T11:51:50 player: played "Michael Jackson/Beat It - Michael Jackson [2559bdcb].m4a"
2026-07-16T11:58:16 ffmpeg/mov,mp4,m4a,3gp,3g2,mj2: stream 0, timescale not set
2026-07-16T11:58:16 ffmpeg/mov,mp4,m4a,3gp,3g2,mj2: stream 0, timescale not set
2026-07-16T11:58:16 ffmpeg/mov,mp4,m4a,3gp,3g2,mj2: stream 0, timescale not set
2026-07-16T11:58:30 ffmpeg/mov,mp4,m4a,3gp,3g2,mj2: stream 0, timescale not set
2026-07-16T11:58:30 ffmpeg/mov,mp4,m4a,3gp,3g2,mj2: stream 0, timescale not set
2026-07-16T11:58:30 ffmpeg/mov,mp4,m4a,3gp,3g2,mj2: stream 0, timescale not set
2026-07-16T12:03:03 ffmpeg/mov,mp4,m4a,3gp,3g2,mj2: stream 0, timescale not set
2026-07-16T12:03:26 player: played "Michael Jackson/Billie Jean - Michael Jackson [0c5c996a].m4a"
2026-07-16T12:05:38 ffmpeg/mov,mp4,m4a,3gp,3g2,mj2: stream 0, timescale not set
2026-07-16T12:05:38 ffmpeg/mov,mp4,m4a,3gp,3g2,mj2: stream 0, timescale not set
2026-07-16T12:05:38 player: played "Michael Jackson/Human Nature - Michael Jackson [05fd7bba].m4a"
2026-07-16T18:33:55 ffmpeg/mov,mp4,m4a,3gp,3g2,mj2: stream 0, timescale not set
2026-07-16T18:33:55 ffmpeg/mov,mp4,m4a,3gp,3g2,mj2: stream 0, timescale not set
2026-07-16T18:33:56 ffmpeg/mov,mp4,m4a,3gp,3g2,mj2: stream 0, timescale not set
2026-07-16T18:37:14 ffmpeg/mov,mp4,m4a,3gp,3g2,mj2: stream 0, timescale not set
2026-07-16T18:37:37 player: played "Jujutsu Kaisen/Kaikai Kitan - Eve [0a90cb5e].m4a"
2026-07-16T18:40:51 ffmpeg/mov,mp4,m4a,3gp,3g2,mj2: stream 0, timescale not set
2026-07-16T18:41:13 player: played "Jujutsu Kaisen/AIZO - King Gnu [9fb8a358].m4a"
2026-07-16T18:43:52 ffmpeg/mov,mp4,m4a,3gp,3g2,mj2: stream 0, timescale not set
2026-07-16T18:43:52 ffmpeg/mov,mp4,m4a,3gp,3g2,mj2: stream 0, timescale not set
2026-07-16T18:44:26 player: played "Jujutsu Kaisen/SPECIALZ - King Gnu [b1fd5a9e].m4a"
2026-07-17T08:34:20 ffmpeg/mov,mp4,m4a,3gp,3g2,mj2: stream 0, timescale not set
2026-07-17T08:34:20 ffmpeg/mov,mp4,m4a,3gp,3g2,mj2: stream 0, timescale not set
2026-07-17T08:34:20 ffmpeg/mov,mp4,m4a,3gp,3g2,mj2: stream 0, timescale not set
2026-07-17T08:34:31 ffmpeg/mov,mp4,m4a,3gp,3g2,mj2: stream 0, timescale not set
2026-07-17T08:34:31 ffmpeg/mov,mp4,m4a,3gp,3g2,mj2: stream 0, timescale not set
2026-07-17T08:34:31 player: played "Jujutsu Kaisen/SPECIALZ - King Gnu [b1fd5a9e].m4a"
2026-07-17T08:48:55 ffmpeg/mov,mp4,m4a,3gp,3g2,mj2: stream 0, timescale not set
2026-07-17T08:52:41 ffmpeg/mov,mp4,m4a,3gp,3g2,mj2: stream 0, timescale not set
2026-07-17T08:52:41 ffmpeg/mov,mp4,m4a,3gp,3g2,mj2: stream 0, timescale not set
2026-07-17T08:52:50 player: played "Jujutsu Kaisen/SPECIALZ - King Gnu [b1fd5a9e].m4a"
2026-07-18T12:05:45 client: [[::1]:36548] command "close" during idle
2026-07-18T12:07:16 client: [[::1]:36552] command "close" during idle
2026-07-18T12:31:29 client: [[::1]:37448] command "close" during idle
2026-07-18T12:32:12 ffmpeg/mov,mp4,m4a,3gp,3g2,mj2: stream 0, timescale not set
2026-07-18T12:35:49 ffmpeg/mov,mp4,m4a,3gp,3g2,mj2: stream 0, timescale not set
2026-07-18T12:36:11 player: played "Jujutsu Kaisen/SPECIALZ - King Gnu [b1fd5a9e].m4a"
2026-07-18T12:40:59 ffmpeg/mov,mp4,m4a,3gp,3g2,mj2: stream 0, timescale not set
2026-07-18T12:41:19 player: played "Jujutsu Kaisen/逆夢 - Sakayume - King Gnu [30bc5b10].m4a"
2026-07-18T12:45:58 ffmpeg/mov,mp4,m4a,3gp,3g2,mj2: stream 0, timescale not set
2026-07-18T12:46:18 player: played "Michael Jackson/Beat It - Michael Jackson [2559bdcb].m4a"
2026-07-18T12:50:54 ffmpeg/mov,mp4,m4a,3gp,3g2,mj2: stream 0, timescale not set
2026-07-18T12:51:14 player: played "Michael Jackson/Billie Jean - Michael Jackson [0c5c996a].m4a"
2026-07-18T12:52:33 player: played "Michael Jackson/Human Nature - Michael Jackson [05fd7bba].m4a"
2026-07-18T12:54:23 ffmpeg/mov,mp4,m4a,3gp,3g2,mj2: stream 0, timescale not set
2026-07-18T12:54:25 client: [[::1]:52774] command "close" during idle
2026-07-18T13:01:10 player: played "Michael Jackson/Human Nature - Michael Jackson [05fd7bba].m4a"
2026-07-18T13:03:51 ffmpeg/mov,mp4,m4a,3gp,3g2,mj2: stream 0, timescale not set
2026-07-18T13:03:54 client: [[::1]:41636] command "close" during idle
2026-07-18T13:09:12 player: played "Michael Jackson/Human Nature - Michael Jackson [05fd7bba].m4a"
2026-07-18T13:10:50 ffmpeg/mov,mp4,m4a,3gp,3g2,mj2: stream 0, timescale not set
2026-07-18T13:10:53 client: [[::1]:47392] command "close" during idle
2026-07-18T13:24:06 client: [[::1]:47394] command "close" during idle
2026-07-18T13:30:12 client: [[::1]:60030] command "close" during idle
2026-07-18T15:13:58 player: played "Michael Jackson/Human Nature - Michael Jackson [05fd7bba].m4a"
2026-07-18T18:19:30 client: [[::1]:53342] command "close" during idle
2026-07-18T18:23:00 client: [[::1]:53344] command "close" during idle
2026-07-18T19:48:12 client: [[::1]:39180] command "close" during idle
2026-07-18T19:55:21 ffmpeg/mov,mp4,m4a,3gp,3g2,mj2: stream 0, timescale not set
2026-07-18T20:04:27 ffmpeg/mov,mp4,m4a,3gp,3g2,mj2: stream 0, timescale not set
2026-07-18T20:04:31 ffmpeg/mov,mp4,m4a,3gp,3g2,mj2: stream 0, timescale not set
2026-07-18T20:08:25 ffmpeg/mov,mp4,m4a,3gp,3g2,mj2: stream 0, timescale not set
2026-07-18T20:08:46 player: played "Jujutsu Kaisen/Kaikai Kitan - Eve [0a90cb5e].m4a"
2026-07-18T20:12:02 ffmpeg/mov,mp4,m4a,3gp,3g2,mj2: stream 0, timescale not set
2026-07-18T20:12:21 player: played "Jujutsu Kaisen/AIZO - King Gnu [9fb8a358].m4a"
2026-07-18T20:16:01 ffmpeg/mov,mp4,m4a,3gp,3g2,mj2: stream 0, timescale not set
2026-07-18T20:16:20 player: played "Jujutsu Kaisen/SPECIALZ - King Gnu [b1fd5a9e].m4a"
2026-07-18T20:21:10 ffmpeg/mov,mp4,m4a,3gp,3g2,mj2: stream 0, timescale not set
2026-07-18T20:21:29 player: played "Jujutsu Kaisen/逆夢 - Sakayume - King Gnu [30bc5b10].m4a"
2026-07-18T21:16:51 player: played "Michael Jackson/Beat It - Michael Jackson [2559bdcb].m4a"
2026-07-18T22:09:46 ffmpeg/mov,mp4,m4a,3gp,3g2,mj2: stream 0, timescale not set
2026-07-18T22:09:48 client: [[::1]:56788] command "close" during idle
2026-07-18T22:17:53 player: played "Michael Jackson/Beat It - Michael Jackson [2559bdcb].m4a"
2026-07-19T10:36:01 client: [[::1]:49904] command "close" during idle
2026-07-19T10:36:01 ffmpeg/mov,mp4,m4a,3gp,3g2,mj2: stream 0, timescale not set
2026-07-19T10:41:53 client: [[::1]:49912] command "close" during idle
2026-07-19T10:49:06 client: [[::1]:46972] command "close" during idle
2026-07-19T10:55:27 client: [[::1]:53520] command "close" during idle
2026-07-19T10:58:23 ffmpeg/mov,mp4,m4a,3gp,3g2,mj2: stream 0, timescale not set
2026-07-19T10:58:23 ffmpeg/mov,mp4,m4a,3gp,3g2,mj2: stream 0, timescale not set
2026-07-19T10:58:29 ffmpeg/mov,mp4,m4a,3gp,3g2,mj2: stream 0, timescale not set
2026-07-19T10:58:30 ffmpeg/mov,mp4,m4a,3gp,3g2,mj2: stream 0, timescale not set
2026-07-19T10:58:30 ffmpeg/mov,mp4,m4a,3gp,3g2,mj2: stream 0, timescale not set
2026-07-19T11:05:13 player: played "Jujutsu Kaisen/逆夢 - Sakayume - King Gnu [30bc5b10].m4a"
2026-07-19T12:08:23 ffmpeg/mov,mp4,m4a,3gp,3g2,mj2: stream 0, timescale not set
2026-07-19T12:08:25 client: [[::1]:57242] command "close" during idle
2026-07-19T12:09:52 client: [[::1]:57254] command "close" during idle
2026-07-19T13:32:27 client: [[::1]:42722] command "close" during idle
2026-07-19T13:41:51 ffmpeg/mov,mp4,m4a,3gp,3g2,mj2: stream 0, timescale not set
2026-07-19T13:41:51 ffmpeg/mov,mp4,m4a,3gp,3g2,mj2: stream 0, timescale not set
2026-07-19T13:44:57 ffmpeg/mov,mp4,m4a,3gp,3g2,mj2: stream 0, timescale not set
2026-07-19T13:44:57 ffmpeg/mov,mp4,m4a,3gp,3g2,mj2: stream 0, timescale not set
2026-07-19T14:01:24 player: played "Jujutsu Kaisen/逆夢 - Sakayume - King Gnu [30bc5b10].m4a"
2026-07-19T15:50:57 ffmpeg/mov,mp4,m4a,3gp,3g2,mj2: stream 0, timescale not set
2026-07-19T15:50:59 client: [[::1]:38312] command "close" during idle
2026-07-19T17:42:55 player: played "Jujutsu Kaisen/逆夢 - Sakayume - King Gnu [30bc5b10].m4a"
2026-07-19T19:06:47 ffmpeg/mov,mp4,m4a,3gp,3g2,mj2: stream 0, timescale not set
2026-07-19T19:06:48 client: [[::1]:36530] command "close" during idle
2026-07-19T19:25:43 player: played "Jujutsu Kaisen/逆夢 - Sakayume - King Gnu [30bc5b10].m4a"
2026-07-20T12:20:25 ffmpeg/mov,mp4,m4a,3gp,3g2,mj2: stream 0, timescale not set
2026-07-20T12:20:28 client: [[::1]:45732] command "close" during idle
2026-07-20T15:18:03 client: [[::1]:40652] command "close" during idle
